.TH "misc.txt" 7 "" "TU Dresden" "DROPS Manual"
.SH NAME
misc.txt \- Document Title
A paragraph without a chapter.
.SH "ABSTRACT"
Ohh.. .wie abstrakt....
.SH "CHAPTER ONE"
Some 
.I accentuations with spaces in-between

A paragraph with an
\(cqapostroph' at the beginning of the line.
.SH AUTHOR
Norman Feske
